ARM Linker, 5.03 [Build 76] [MDK-ARM Professional]

==============================================================================

Section Cross References

    startup_tm4c123.o(STACK) refers (Special) to heapauxi.o(.text) for __use_two_region_memory
    startup_tm4c123.o(HEAP) refers (Special) to heapauxi.o(.text) for __use_two_region_memory
    startup_tm4c123.o(RESET) refers (Special) to heapauxi.o(.text) for __use_two_region_memory
    startup_tm4c123.o(RESET) refers to startup_tm4c123.o(STACK) for __initial_sp
    startup_tm4c123.o(RESET) refers to startup_tm4c123.o(.text) for Reset_Handler
    startup_tm4c123.o(RESET) refers to sound.o(.text) for SysTick_Handler
    startup_tm4c123.o(RESET) refers to uart.o(.text) for UART1_Handler
    startup_tm4c123.o(RESET) refers to timer.o(.text) for TIMER0A_Handler
    startup_tm4c123.o(RESET) refers to texas.o(.text) for TIMER5A_Handler
    startup_tm4c123.o(.text) refers (Special) to heapauxi.o(.text) for __use_two_region_memory
    startup_tm4c123.o(.text) refers to __main.o(!!!main) for __main
    startup_tm4c123.o(.text) refers to startup_tm4c123.o(HEAP) for Heap_Mem
    startup_tm4c123.o(.text) refers to startup_tm4c123.o(STACK) for Stack_Mem
    main.o(.text) refers to dac.o(.text) for DAC_Out(unsigned long)
    main.o(.text) refers to random.o(.text) for Random()
    main.o(.text) refers to st7735.o(.text) for ST7735_DrawBitmap(short, short, const unsigned short*, short, short)
    main.o(.text) refers to main.o(.data) for k
    main.o(.text) refers to main.o(.constdata) for laugh
    main.o(.text) refers to sound.o(.text) for Sound_Play(unsigned)
    main.o(.text) refers to slidepot.o(.text) for ADC2_In()
    main.o(.text) refers to main.o(.bss) for my
    main.o(.text) refers to texas.o(.text) for TExaS_Init()
    main.o(.text) refers to timer.o(.text) for Timer1_Init(void(*)(), unsigned)
    main.o(.text) refers to startup_tm4c123.o(.text) for EnableInterrupts
    main.o(.ARM.exidx) refers to main.o(.text) for .text
    main.o(.data) refers to main.o(.constdata) for peb1
    main.o(.init_array) refers to main.o(.text) for __sti___8_main_cpp
    main.o(.init_array) refers to init_aeabi.o(.text) for __cpp_initialize__aeabi_
    dac.o(.ARM.exidx) refers to dac.o(.text) for .text
    pll.o(.ARM.exidx) refers to pll.o(.text) for .text
    random.o(.text) refers to random.o(.data) for M
    random.o(.ARM.exidx) refers to random.o(.text) for .text
    st7735.o(.text) refers to st7735.o(.data) for RowStart
    st7735.o(.text) refers to st7735.o(.constdata) for Bcmd
    st7735.o(.text) refers to st7735.o(.bss) for Message
    st7735.o(.ARM.exidx) refers to st7735.o(.text) for .text
    slidepot.o(.text) refers to slidepot.o(.data) for j1x
    slidepot.o(.ARM.exidx) refers to slidepot.o(.text) for .text
    sound.o(.text) refers to dac.o(.text) for DAC_Init()
    sound.o(.text) refers to sound.o(.data) for i
    sound.o(.text) refers to sound.o(.constdata) for wave
    sound.o(.ARM.exidx) refers to sound.o(.text) for .text
    uart.o(.text) refers to fifo.o(.text) for Queue::Queue()
    uart.o(.text) refers to uart.o(.bss) for RxFifo
    uart.o(.ARM.exidx) refers to uart.o(.text) for .text
    uart.o(.init_array) refers to uart.o(.text) for __sti___8_UART_cpp
    uart.o(.init_array) refers to init_aeabi.o(.text) for __cpp_initialize__aeabi_
    fifo.o(.ARM.exidx) refers to fifo.o(.text) for .text
    texas.o(.text) refers to pll.o(.text) for PLL_Init(unsigned)
    texas.o(.ARM.exidx) refers to texas.o(.text) for .text
    timer.o(.text) refers to timer.o(.data) for PeriodicTask0
    timer.o(.ARM.exidx) refers to timer.o(.text) for .text
    __main.o(!!!main) refers to rtentry.o(.ARM.Collect$$rtentry$$00000000) for __rt_entry
    init_aeabi.o(.emb_text) refers (Special) to libinit2.o(.ARM.Collect$$libinit$$0000002F) for __rt_lib_init_cpp_2
    init_aeabi.o(.init_array) refers (Special) to libinit2.o(.ARM.Collect$$libinit$$0000002F) for __rt_lib_init_cpp_2
    init_aeabi.o(.dummy_text) refers (Special) to libinit2.o(.ARM.Collect$$libinit$$0000002F) for __rt_lib_init_cpp_2
    init_aeabi.o(.text) refers (Special) to libinit2.o(.ARM.Collect$$libinit$$0000002F) for __rt_lib_init_cpp_2
    init_aeabi.o(.ARM.exidx) refers (Special) to libinit2.o(.ARM.Collect$$libinit$$0000002F) for __rt_lib_init_cpp_2
    init_aeabi.o(.ARM.exidx) refers to init_aeabi.o(.text) for .text
    rtentry.o(.ARM.Collect$$rtentry$$00000000) refers (Special) to rtentry2.o(.ARM.Collect$$rtentry$$0000000A) for __rt_entry_li
    rtentry.o(.ARM.Collect$$rtentry$$00000000) refers (Special) to rtentry2.o(.ARM.Collect$$rtentry$$0000000D) for __rt_entry_main
    rtentry.o(.ARM.Collect$$rtentry$$00000000) refers (Special) to rtentry2.o(.ARM.Collect$$rtentry$$0000000C) for __rt_entry_postli_1
    rtentry.o(.ARM.Collect$$rtentry$$00000000) refers (Special) to rtentry2.o(.ARM.Collect$$rtentry$$00000009) for __rt_entry_postsh_1
    rtentry.o(.ARM.Collect$$rtentry$$00000000) refers (Special) to rtentry2.o(.ARM.Collect$$rtentry$$00000002) for __rt_entry_presh_1
    rtentry.o(.ARM.Collect$$rtentry$$00000000) refers (Special) to rtentry4.o(.ARM.Collect$$rtentry$$00000004) for __rt_entry_sh
    libinit2.o(.ARM.Collect$$libinit$$0000000E) refers to libinit2.o(.ARM.Collect$$libinit$$0000000D) for .ARM.Collect$$libinit$$0000000D
    libinit2.o(.ARM.Collect$$libinit$$00000010) refers to libinit2.o(.ARM.Collect$$libinit$$0000000D) for .ARM.Collect$$libinit$$0000000D
    libinit2.o(.ARM.Collect$$libinit$$00000012) refers to libinit2.o(.ARM.Collect$$libinit$$0000000D) for .ARM.Collect$$libinit$$0000000D
    libinit2.o(.ARM.Collect$$libinit$$00000014) refers to libinit2.o(.ARM.Collect$$libinit$$0000000D) for .ARM.Collect$$libinit$$0000000D
    libinit2.o(.ARM.Collect$$libinit$$00000016) refers to libinit2.o(.ARM.Collect$$libinit$$0000000D) for .ARM.Collect$$libinit$$0000000D
    libinit2.o(.ARM.Collect$$libinit$$00000024) refers to argv_veneer.o(.emb_text) for __ARM_argv_veneer
    libinit2.o(.ARM.Collect$$libinit$$00000025) refers to argv_veneer.o(.emb_text) for __ARM_argv_veneer
    libinit2.o(.ARM.Collect$$libinit$$0000002F) refers (Weak) to init_aeabi.o(.text) for __cpp_initialize__aeabi_
    rtentry2.o(.ARM.Collect$$rtentry$$00000008) refers to boardinit2.o(.text) for _platform_post_stackheap_init
    rtentry2.o(.ARM.Collect$$rtentry$$0000000A) refers to libinit.o(.ARM.Collect$$libinit$$00000000) for __rt_lib_init
    rtentry2.o(.ARM.Collect$$rtentry$$0000000B) refers to boardinit3.o(.text) for _platform_post_lib_init
    rtentry2.o(.ARM.Collect$$rtentry$$0000000D) refers to main.o(.text) for main
    rtentry2.o(.ARM.Collect$$rtentry$$0000000D) refers to exit.o(.text) for exit
    rtentry2.o(.ARM.exidx) refers to rtentry2.o(.ARM.Collect$$rtentry$$00000001) for .ARM.Collect$$rtentry$$00000001
    rtentry2.o(.ARM.exidx) refers to rtentry2.o(.ARM.Collect$$rtentry$$00000008) for .ARM.Collect$$rtentry$$00000008
    rtentry2.o(.ARM.exidx) refers to rtentry2.o(.ARM.Collect$$rtentry$$0000000A) for .ARM.Collect$$rtentry$$0000000A
    rtentry2.o(.ARM.exidx) refers to rtentry2.o(.ARM.Collect$$rtentry$$0000000B) for .ARM.Collect$$rtentry$$0000000B
    rtentry2.o(.ARM.exidx) refers to rtentry2.o(.ARM.Collect$$rtentry$$0000000D) for .ARM.Collect$$rtentry$$0000000D
    rtentry4.o(.ARM.Collect$$rtentry$$00000004) refers to sys_stackheap_outer.o(.text) for __user_setup_stackheap
    rtentry4.o(.ARM.exidx) refers to rtentry4.o(.ARM.Collect$$rtentry$$00000004) for .ARM.Collect$$rtentry$$00000004
    argv_veneer.o(.emb_text) refers to no_argv.o(.text) for __ARM_get_argv
    sys_stackheap_outer.o(.text) refers to libspace.o(.text) for __user_perproc_libspace
    sys_stackheap_outer.o(.text) refers to startup_tm4c123.o(.text) for __user_initial_stackheap
    exit.o(.text) refers to rtexit.o(.ARM.Collect$$rtexit$$00000000) for __rt_exit
    _get_argv_nomalloc.o(.text) refers (Special) to hrguard.o(.text) for __heap_region$guard
    _get_argv_nomalloc.o(.text) refers to defsig_rtmem_outer.o(.text) for __rt_SIGRTMEM
    _get_argv_nomalloc.o(.text) refers to sys_command.o(.text) for _sys_command_string
    libinit.o(.ARM.Collect$$libinit$$00000000) refers (Special) to libinit2.o(.ARM.Collect$$libinit$$0000002C) for __rt_lib_init_alloca_1
    libinit.o(.ARM.Collect$$libinit$$00000000) refers (Special) to libinit2.o(.ARM.Collect$$libinit$$0000002A) for __rt_lib_init_argv_1
    libinit.o(.ARM.Collect$$libinit$$00000000) refers (Special) to libinit2.o(.ARM.Collect$$libinit$$00000019) for __rt_lib_init_atexit_1
    libinit.o(.ARM.Collect$$libinit$$00000000) refers (Special) to libinit2.o(.ARM.Collect$$libinit$$0000001F) for __rt_lib_init_clock_1
    libinit.o(.ARM.Collect$$libinit$$00000000) refers (Special) to libinit2.o(.ARM.Collect$$libinit$$00000030) for __rt_lib_init_cpp_1
    libinit.o(.ARM.Collect$$libinit$$00000000) refers (Special) to libinit2.o(.ARM.Collect$$libinit$$0000002E) for __rt_lib_init_exceptions_1
    libinit.o(.ARM.Collect$$libinit$$00000000) refers (Special) to libinit2.o(.ARM.Collect$$libinit$$00000002) for __rt_lib_init_fp_1
    libinit.o(.ARM.Collect$$libinit$$00000000) refers (Special) to libinit2.o(.ARM.Collect$$libinit$$0000001D) for __rt_lib_init_fp_trap_1
    libinit.o(.ARM.Collect$$libinit$$00000000) refers (Special) to libinit2.o(.ARM.Collect$$libinit$$00000021) for __rt_lib_init_getenv_1
    libinit.o(.ARM.Collect$$libinit$$00000000) refers (Special) to libinit2.o(.ARM.Collect$$libinit$$00000008) for __rt_lib_init_heap_1
    libinit.o(.ARM.Collect$$libinit$$00000000) refers (Special) to libinit2.o(.ARM.Collect$$libinit$$0000000F) for __rt_lib_init_lc_collate_1
    libinit.o(.ARM.Collect$$libinit$$00000000) refers (Special) to libinit2.o(.ARM.Collect$$libinit$$00000011) for __rt_lib_init_lc_ctype_1
    libinit.o(.ARM.Collect$$libinit$$00000000) refers (Special) to libinit2.o(.ARM.Collect$$libinit$$00000013) for __rt_lib_init_lc_monetary_1
    libinit.o(.ARM.Collect$$libinit$$00000000) refers (Special) to libinit2.o(.ARM.Collect$$libinit$$00000015) for __rt_lib_init_lc_numeric_1
    libinit.o(.ARM.Collect$$libinit$$00000000) refers (Special) to libinit2.o(.ARM.Collect$$libinit$$00000017) for __rt_lib_init_lc_time_1
    libinit.o(.ARM.Collect$$libinit$$00000000) refers (Special) to libinit2.o(.ARM.Collect$$libinit$$0000000C) for __rt_lib_init_rand_1
    libinit.o(.ARM.Collect$$libinit$$00000000) refers (Special) to libinit2.o(.ARM.Collect$$libinit$$00000031) for __rt_lib_init_return
    libinit.o(.ARM.Collect$$libinit$$00000000) refers (Special) to libinit2.o(.ARM.Collect$$libinit$$0000001B) for __rt_lib_init_signal_1
    libinit.o(.ARM.Collect$$libinit$$00000000) refers (Special) to libinit2.o(.ARM.Collect$$libinit$$00000023) for __rt_lib_init_stdio_1
    libinit.o(.ARM.Collect$$libinit$$00000000) refers (Special) to libinit2.o(.ARM.Collect$$libinit$$0000000A) for __rt_lib_init_user_alloc_1
    sys_command.o(.text) refers (Special) to use_no_semi.o(.text) for __I$use$semihosting
    sys_command.o(.text) refers (Special) to indicate_semi.o(.text) for __semihosting_library_function
    libspace.o(.text) refers to libspace.o(.bss) for __libspace_start
    rtexit.o(.ARM.Collect$$rtexit$$00000000) refers (Special) to rtexit2.o(.ARM.Collect$$rtexit$$00000004) for __rt_exit_exit
    rtexit.o(.ARM.Collect$$rtexit$$00000000) refers (Special) to rtexit2.o(.ARM.Collect$$rtexit$$00000003) for __rt_exit_ls
    rtexit.o(.ARM.Collect$$rtexit$$00000000) refers (Special) to rtexit2.o(.ARM.Collect$$rtexit$$00000002) for __rt_exit_prels_1
    rtexit.o(.ARM.exidx) refers (Special) to rtexit2.o(.ARM.Collect$$rtexit$$00000004) for __rt_exit_exit
    rtexit.o(.ARM.exidx) refers (Special) to rtexit2.o(.ARM.Collect$$rtexit$$00000003) for __rt_exit_ls
    rtexit.o(.ARM.exidx) refers (Special) to rtexit2.o(.ARM.Collect$$rtexit$$00000002) for __rt_exit_prels_1
    rtexit.o(.ARM.exidx) refers to rtexit.o(.ARM.Collect$$rtexit$$00000000) for .ARM.Collect$$rtexit$$00000000
    defsig_rtmem_outer.o(.text) refers to defsig_rtmem_inner.o(.text) for __rt_SIGRTMEM_inner
    defsig_rtmem_outer.o(.text) refers to defsig_exit.o(.text) for __sig_exit
    defsig_rtmem_formal.o(.text) refers to rt_raise.o(.text) for __rt_raise
    rtexit2.o(.ARM.Collect$$rtexit$$00000003) refers to libshutdown.o(.ARM.Collect$$libshutdown$$00000000) for __rt_lib_shutdown
    rtexit2.o(.ARM.Collect$$rtexit$$00000004) refers to sys_exit.o(.text) for _sys_exit
    rtexit2.o(.ARM.exidx) refers to rtexit2.o(.ARM.Collect$$rtexit$$00000001) for .ARM.Collect$$rtexit$$00000001
    rtexit2.o(.ARM.exidx) refers to rtexit2.o(.ARM.Collect$$rtexit$$00000003) for .ARM.Collect$$rtexit$$00000003
    rtexit2.o(.ARM.exidx) refers to rtexit2.o(.ARM.Collect$$rtexit$$00000004) for .ARM.Collect$$rtexit$$00000004
    rt_raise.o(.text) refers to __raise.o(.text) for __raise
    rt_raise.o(.text) refers to sys_exit.o(.text) for _sys_exit
    defsig_exit.o(.text) refers to sys_exit.o(.text) for _sys_exit
    defsig_rtmem_inner.o(.text) refers to defsig_general.o(.text) for __default_signal_display
    sys_exit.o(.text) refers (Special) to use_no_semi.o(.text) for __I$use$semihosting
    sys_exit.o(.text) refers (Special) to indicate_semi.o(.text) for __semihosting_library_function
    __raise.o(.text) refers to defsig.o(CL$$defsig) for __default_signal_handler
    defsig_general.o(.text) refers to sys_wrch.o(.text) for _ttywrch
    libshutdown.o(.ARM.Collect$$libshutdown$$00000000) refers (Special) to libshutdown2.o(.ARM.Collect$$libshutdown$$00000006) for __rt_lib_shutdown_fp_trap_1
    libshutdown.o(.ARM.Collect$$libshutdown$$00000000) refers (Special) to libshutdown2.o(.ARM.Collect$$libshutdown$$0000000E) for __rt_lib_shutdown_heap_1
    libshutdown.o(.ARM.Collect$$libshutdown$$00000000) refers (Special) to libshutdown2.o(.ARM.Collect$$libshutdown$$0000000F) for __rt_lib_shutdown_return
    libshutdown.o(.ARM.Collect$$libshutdown$$00000000) refers (Special) to libshutdown2.o(.ARM.Collect$$libshutdown$$00000009) for __rt_lib_shutdown_signal_1
    libshutdown.o(.ARM.Collect$$libshutdown$$00000000) refers (Special) to libshutdown2.o(.ARM.Collect$$libshutdown$$00000003) for __rt_lib_shutdown_stdio_1
    libshutdown.o(.ARM.Collect$$libshutdown$$00000000) refers (Special) to libshutdown2.o(.ARM.Collect$$libshutdown$$0000000B) for __rt_lib_shutdown_user_alloc_1
    sys_wrch.o(.text) refers (Special) to use_no_semi.o(.text) for __I$use$semihosting
    sys_wrch.o(.text) refers (Special) to indicate_semi.o(.text) for __semihosting_library_function
    defsig.o(CL$$defsig) refers to defsig_rtmem_inner.o(.text) for __rt_SIGRTMEM_inner
    defsig_abrt_inner.o(.text) refers to defsig_general.o(.text) for __default_signal_display
    defsig_fpe_inner.o(.text) refers to defsig_general.o(.text) for __default_signal_display
    defsig_rtred_inner.o(.text) refers to defsig_general.o(.text) for __default_signal_display
    defsig_stak_inner.o(.text) refers to defsig_general.o(.text) for __default_signal_display
    defsig_pvfn_inner.o(.text) refers to defsig_general.o(.text) for __default_signal_display
    defsig_cppl_inner.o(.text) refers to defsig_general.o(.text) for __default_signal_display
    defsig_segv_inner.o(.text) refers to defsig_general.o(.text) for __default_signal_display
    defsig_other.o(.text) refers to defsig_general.o(.text) for __default_signal_display


==============================================================================

Removing Unused input sections from the image.

    Removing main.o(.ARM.exidx), (8 bytes).
    Removing dac.o(.ARM.exidx), (8 bytes).
    Removing pll.o(.ARM.exidx), (8 bytes).
    Removing random.o(.ARM.exidx), (8 bytes).
    Removing st7735.o(.ARM.exidx), (8 bytes).
    Removing slidepot.o(.ARM.exidx), (8 bytes).
    Removing sound.o(.ARM.exidx), (8 bytes).
    Removing uart.o(.ARM.exidx), (8 bytes).
    Removing fifo.o(.ARM.exidx), (8 bytes).
    Removing texas.o(.ARM.exidx), (8 bytes).
    Removing timer.o(.ARM.exidx), (8 bytes).

11 unused section(s) (total 88 bytes) removed from the image.

==============================================================================

Image Symbol Table

    Local Symbols

    Symbol Name                              Value     Ov Type        Size  Object(Section)

    RESET                                    0x00000000   Section      620  startup_tm4c123.o(RESET)
    ../clib/angel/boardlib.s                 0x00000000   Number         0  boardinit3.o ABSOLUTE
    ../clib/angel/boardlib.s                 0x00000000   Number         0  boardinit2.o ABSOLUTE
    ../clib/angel/boardlib.s                 0x00000000   Number         0  boardinit1.o ABSOLUTE
    ../clib/angel/boardlib.s                 0x00000000   Number         0  boardshut.o ABSOLUTE
    ../clib/angel/dczerorl2.s                0x00000000   Number         0  __dczerorl2.o ABSOLUTE
    ../clib/angel/handlers.s                 0x00000000   Number         0  __scatter_zi.o ABSOLUTE
    ../clib/angel/kernel.s                   0x00000000   Number         0  rtentry2.o ABSOLUTE
    ../clib/angel/kernel.s                   0x00000000   Number         0  rtentry4.o ABSOLUTE
    ../clib/angel/kernel.s                   0x00000000   Number         0  rtentry.o ABSOLUTE
    ../clib/angel/kernel.s                   0x00000000   Number         0  rtexit.o ABSOLUTE
    ../clib/angel/kernel.s                   0x00000000   Number         0  rtexit2.o ABSOLUTE
    ../clib/angel/rt.s                       0x00000000   Number         0  rt_raise.o ABSOLUTE
    ../clib/angel/scatter.s                  0x00000000   Number         0  __scatter.o ABSOLUTE
    ../clib/angel/startup.s                  0x00000000   Number         0  __main.o ABSOLUTE
    ../clib/angel/sys.s                      0x00000000   Number         0  sys_stackheap_outer.o ABSOLUTE
    ../clib/angel/sys.s                      0x00000000   Number         0  indicate_semi.o ABSOLUTE
    ../clib/angel/sys.s                      0x00000000   Number         0  use_no_semi.o ABSOLUTE
    ../clib/angel/sys.s                      0x00000000   Number         0  libspace.o ABSOLUTE
    ../clib/angel/sysapp.c                   0x00000000   Number         0  sys_wrch.o ABSOLUTE
    ../clib/angel/sysapp.c                   0x00000000   Number         0  sys_command.o ABSOLUTE
    ../clib/angel/sysapp.c                   0x00000000   Number         0  sys_exit.o ABSOLUTE
    ../clib/arm_runtime.c                    0x00000000   Number         0  init_aeabi.o ABSOLUTE
    ../clib/arm_runtime.c                    0x00000000   Number         0  init_aeabi.o ABSOLUTE
    ../clib/armsys.c                         0x00000000   Number         0  _get_argv_nomalloc.o ABSOLUTE
    ../clib/armsys.c                         0x00000000   Number         0  no_argv.o ABSOLUTE
    ../clib/armsys.c                         0x00000000   Number         0  argv_veneer.o ABSOLUTE
    ../clib/armsys.c                         0x00000000   Number         0  argv_veneer.o ABSOLUTE
    ../clib/heapalloc.c                      0x00000000   Number         0  hrguard.o ABSOLUTE
    ../clib/heapaux.c                        0x00000000   Number         0  heapauxi.o ABSOLUTE
    ../clib/libinit.s                        0x00000000   Number         0  libinit2.o ABSOLUTE
    ../clib/libinit.s                        0x00000000   Number         0  libshutdown.o ABSOLUTE
    ../clib/libinit.s                        0x00000000   Number         0  libshutdown2.o ABSOLUTE
    ../clib/libinit.s                        0x00000000   Number         0  libinit.o ABSOLUTE
    ../clib/signal.c                         0x00000000   Number         0  defsig_stak_inner.o ABSOLUTE
    ../clib/signal.c                         0x00000000   Number         0  defsig_rtred_inner.o ABSOLUTE
    ../clib/signal.c                         0x00000000   Number         0  defsig_fpe_inner.o ABSOLUTE
    ../clib/signal.c                         0x00000000   Number         0  defsig_general.o ABSOLUTE
    ../clib/signal.c                         0x00000000   Number         0  __raise.o ABSOLUTE
    ../clib/signal.c                         0x00000000   Number         0  defsig_rtmem_inner.o ABSOLUTE
    ../clib/signal.c                         0x00000000   Number         0  defsig_exit.o ABSOLUTE
    ../clib/signal.c                         0x00000000   Number         0  defsig_rtmem_formal.o ABSOLUTE
    ../clib/signal.c                         0x00000000   Number         0  defsig_abrt_inner.o ABSOLUTE
    ../clib/signal.c                         0x00000000   Number         0  defsig_cppl_inner.o ABSOLUTE
    ../clib/signal.c                         0x00000000   Number         0  defsig_segv_inner.o ABSOLUTE
    ../clib/signal.c                         0x00000000   Number         0  defsig_other.o ABSOLUTE
    ../clib/signal.c                         0x00000000   Number         0  defsig_rtmem_outer.o ABSOLUTE
    ../clib/signal.c                         0x00000000   Number         0  defsig_pvfn_inner.o ABSOLUTE
    ../clib/signal.s                         0x00000000   Number         0  defsig.o ABSOLUTE
    ../clib/stdlib.c                         0x00000000   Number         0  exit.o ABSOLUTE
    ../fplib/fpinit.s                        0x00000000   Number         0  fpinit.o ABSOLUTE
    DAC.cpp                                  0x00000000   Number         0  dac.o ABSOLUTE
    FIFO.cpp                                 0x00000000   Number         0  fifo.o ABSOLUTE
    PLL.cpp                                  0x00000000   Number         0  pll.o ABSOLUTE
    ST7735.cpp                               0x00000000   Number         0  st7735.o ABSOLUTE
    SlidePot.cpp                             0x00000000   Number         0  slidepot.o ABSOLUTE
    Sound.cpp                                0x00000000   Number         0  sound.o ABSOLUTE
    TExaS.cpp                                0x00000000   Number         0  texas.o ABSOLUTE
    Timer.cpp                                0x00000000   Number         0  timer.o ABSOLUTE
    UART.cpp                                 0x00000000   Number         0  uart.o ABSOLUTE
    dc.s                                     0x00000000   Number         0  dc.o ABSOLUTE
    main.cpp                                 0x00000000   Number         0  main.o ABSOLUTE
    random.cpp                               0x00000000   Number         0  random.o ABSOLUTE
    startup_TM4C123.s                        0x00000000   Number         0  startup_tm4c123.o ABSOLUTE
    !!!main                                  0x0000026c   Section        8  __main.o(!!!main)
    !!!scatter                               0x00000274   Section       52  __scatter.o(!!!scatter)
    !!dczerorl2                              0x000002a8   Section       90  __dczerorl2.o(!!dczerorl2)
    !!handler_zi                             0x00000304   Section       28  __scatter_zi.o(!!handler_zi)
    .ARM.Collect$$libinit$$00000000          0x00000320   Section        2  libinit.o(.ARM.Collect$$libinit$$00000000)
    .ARM.Collect$$libinit$$00000002          0x00000322   Section        0  libinit2.o(.ARM.Collect$$libinit$$00000002)
    .ARM.Collect$$libinit$$00000008          0x00000322   Section        0  libinit2.o(.ARM.Collect$$libinit$$00000008)
    .ARM.Collect$$libinit$$0000000A          0x00000322   Section        0  libinit2.o(.ARM.Collect$$libinit$$0000000A)
    .ARM.Collect$$libinit$$0000000C          0x00000322   Section        0  libinit2.o(.ARM.Collect$$libinit$$0000000C)
    .ARM.Collect$$libinit$$0000000F          0x00000322   Section        0  libinit2.o(.ARM.Collect$$libinit$$0000000F)
    .ARM.Collect$$libinit$$00000011          0x00000322   Section        0  libinit2.o(.ARM.Collect$$libinit$$00000011)
    .ARM.Collect$$libinit$$00000013          0x00000322   Section        0  libinit2.o(.ARM.Collect$$libinit$$00000013)
    .ARM.Collect$$libinit$$00000015          0x00000322   Section        0  libinit2.o(.ARM.Collect$$libinit$$00000015)
    .ARM.Collect$$libinit$$00000017          0x00000322   Section        0  libinit2.o(.ARM.Collect$$libinit$$00000017)
    .ARM.Collect$$libinit$$00000019          0x00000322   Section        0  libinit2.o(.ARM.Collect$$libinit$$00000019)
    .ARM.Collect$$libinit$$0000001B          0x00000322   Section        0  libinit2.o(.ARM.Collect$$libinit$$0000001B)
    .ARM.Collect$$libinit$$0000001D          0x00000322   Section        0  libinit2.o(.ARM.Collect$$libinit$$0000001D)
    .ARM.Collect$$libinit$$0000001F          0x00000322   Section        0  libinit2.o(.ARM.Collect$$libinit$$0000001F)
    .ARM.Collect$$libinit$$00000021          0x00000322   Section        0  libinit2.o(.ARM.Collect$$libinit$$00000021)
    .ARM.Collect$$libinit$$00000023          0x00000322   Section        0  libinit2.o(.ARM.Collect$$libinit$$00000023)
    .ARM.Collect$$libinit$$0000002A          0x00000322   Section        0  libinit2.o(.ARM.Collect$$libinit$$0000002A)
    .ARM.Collect$$libinit$$0000002C          0x00000322   Section        0  libinit2.o(.ARM.Collect$$libinit$$0000002C)
    .ARM.Collect$$libinit$$0000002E          0x00000322   Section        0  libinit2.o(.ARM.Collect$$libinit$$0000002E)
    .ARM.Collect$$libinit$$0000002F          0x00000322   Section        4  libinit2.o(.ARM.Collect$$libinit$$0000002F)
    .ARM.Collect$$libinit$$00000030          0x00000326   Section        0  libinit2.o(.ARM.Collect$$libinit$$00000030)
    .ARM.Collect$$libinit$$00000031          0x00000326   Section        2  libinit2.o(.ARM.Collect$$libinit$$00000031)
    .ARM.Collect$$libshutdown$$00000000      0x00000328   Section        2  libshutdown.o(.ARM.Collect$$libshutdown$$00000000)
    .ARM.Collect$$libshutdown$$00000003      0x0000032a   Section        0  libshutdown2.o(.ARM.Collect$$libshutdown$$00000003)
    .ARM.Collect$$libshutdown$$00000006      0x0000032a   Section        0  libshutdown2.o(.ARM.Collect$$libshutdown$$00000006)
    .ARM.Collect$$libshutdown$$00000009      0x0000032a   Section        0  libshutdown2.o(.ARM.Collect$$libshutdown$$00000009)
    .ARM.Collect$$libshutdown$$0000000B      0x0000032a   Section        0  libshutdown2.o(.ARM.Collect$$libshutdown$$0000000B)
    .ARM.Collect$$libshutdown$$0000000E      0x0000032a   Section        0  libshutdown2.o(.ARM.Collect$$libshutdown$$0000000E)
    .ARM.Collect$$libshutdown$$0000000F      0x0000032a   Section        2  libshutdown2.o(.ARM.Collect$$libshutdown$$0000000F)
    .ARM.Collect$$rtentry$$00000000          0x0000032c   Section        0  rtentry.o(.ARM.Collect$$rtentry$$00000000)
    .ARM.Collect$$rtentry$$00000002          0x0000032c   Section        0  rtentry2.o(.ARM.Collect$$rtentry$$00000002)
    .ARM.Collect$$rtentry$$00000004          0x0000032c   Section        6  rtentry4.o(.ARM.Collect$$rtentry$$00000004)
    .ARM.Collect$$rtentry$$00000009          0x00000332   Section        0  rtentry2.o(.ARM.Collect$$rtentry$$00000009)
    .ARM.Collect$$rtentry$$0000000A          0x00000332   Section        4  rtentry2.o(.ARM.Collect$$rtentry$$0000000A)
    .ARM.Collect$$rtentry$$0000000C          0x00000336   Section        0  rtentry2.o(.ARM.Collect$$rtentry$$0000000C)
    .ARM.Collect$$rtentry$$0000000D          0x00000336   Section        8  rtentry2.o(.ARM.Collect$$rtentry$$0000000D)
    .ARM.Collect$$rtexit$$00000000           0x0000033e   Section        2  rtexit.o(.ARM.Collect$$rtexit$$00000000)
    .ARM.Collect$$rtexit$$00000002           0x00000340   Section        0  rtexit2.o(.ARM.Collect$$rtexit$$00000002)
    .ARM.Collect$$rtexit$$00000003           0x00000340   Section        4  rtexit2.o(.ARM.Collect$$rtexit$$00000003)
    .ARM.Collect$$rtexit$$00000004           0x00000344   Section        6  rtexit2.o(.ARM.Collect$$rtexit$$00000004)
    .text                                    0x0000034c   Section      296  startup_tm4c123.o(.text)
    .text                                    0x00000474   Section        0  main.o(.text)
    __sti___8_main_cpp                       0x0000186b   Thumb Code    34  main.o(.text)
    .text                                    0x00001948   Section        0  dac.o(.text)
    .text                                    0x000019d4   Section        0  pll.o(.text)
    .text                                    0x00001a50   Section        0  random.o(.text)
    .text                                    0x00001a90   Section        0  st7735.o(.text)
    writecommand(unsigned char)              0x00001a91   Thumb Code    46  st7735.o(.text)
    writedata(unsigned char)                 0x00001abf   Thumb Code    24  st7735.o(.text)
    deselect()                               0x00001ad7   Thumb Code    24  st7735.o(.text)
    commandList(const unsigned char*)        0x00001b0f   Thumb Code    86  st7735.o(.text)
    commonInit(const unsigned char*)         0x00001b65   Thumb Code   340  st7735.o(.text)
    setAddrWindow(unsigned char, unsigned char, unsigned char, unsigned char) 0x00001cb9   Thumb Code   106  st7735.o(.text)
    pushColor(unsigned short)                0x00001ed9   Thumb Code    18  st7735.o(.text)
    .text                                    0x00002b54   Section        0  slidepot.o(.text)
    .text                                    0x00002e50   Section        0  sound.o(.text)
    .text                                    0x00002ee4   Section        0  uart.o(.text)
    __sti___8_UART_cpp                       0x00002f33   Thumb Code    10  uart.o(.text)
    .text                                    0x00002f40   Section        0  fifo.o(.text)
    .text                                    0x00002f5c   Section        0  texas.o(.text)
    .text                                    0x00003180   Section        0  timer.o(.text)
    .text                                    0x0000338c   Section        0  heapauxi.o(.text)
    .text                                    0x00003394   Section        0  init_aeabi.o(.text)
    .text                                    0x000033b8   Section       74  sys_stackheap_outer.o(.text)
    .text                                    0x00003402   Section        0  exit.o(.text)
    .text                                    0x00003410   Section        8  libspace.o(.text)
    .text                                    0x00003418   Section        2  use_no_semi.o(.text)
    .text                                    0x0000341a   Section        0  indicate_semi.o(.text)
    .text                                    0x0000341c   Section        0  sys_exit.o(.text)
    .constdata                               0x00003428   Section    235552  main.o(.constdata)
    horizontal1bmp                           0x00003428   Data        1152  main.o(.constdata)
    horizontal2bmp                           0x000038a8   Data        1152  main.o(.constdata)
    horizontal3bmp                           0x00003d28   Data        1152  main.o(.constdata)
    horizontal1bmpl                          0x000041a8   Data        1152  main.o(.constdata)
    horizontal2bmpl                          0x00004628   Data        1152  main.o(.constdata)
    horizontal3bmpl                          0x00004aa8   Data        1152  main.o(.constdata)
    hit1                                     0x00004f28   Data        1152  main.o(.constdata)
    fall1                                    0x000053a8   Data        1152  main.o(.constdata)
    up1                                      0x00005828   Data        1152  main.o(.constdata)
    up2                                      0x00005ca8   Data        1152  main.o(.constdata)
    up3                                      0x00006128   Data        1152  main.o(.constdata)
    up1l                                     0x000065a8   Data        1152  main.o(.constdata)
    up2l                                     0x00006a28   Data        1152  main.o(.constdata)
    up3l                                     0x00006ea8   Data        1152  main.o(.constdata)
    breddot                                  0x00007328   Data         128  main.o(.constdata)
    perfect_background_bmp                   0x000073a8   Data       38400  main.o(.constdata)
    peb1                                     0x000109a8   Data        8000  main.o(.constdata)
    peb2                                     0x000128e8   Data        8000  main.o(.constdata)
    peb3                                     0x00014828   Data        8000  main.o(.constdata)
    peb4                                     0x00016768   Data        8000  main.o(.constdata)
    peb5                                     0x000186a8   Data        8000  main.o(.constdata)
    peb6                                     0x0001a5e8   Data        8000  main.o(.constdata)
    peb7                                     0x0001c528   Data        8000  main.o(.constdata)
    peb8                                     0x0001e468   Data        8000  main.o(.constdata)
    peb9                                     0x000203a8   Data        8000  main.o(.constdata)
    peb10                                    0x000222e8   Data        8000  main.o(.constdata)
    peb11                                    0x00024228   Data        8000  main.o(.constdata)
    peb12                                    0x00026168   Data        8000  main.o(.constdata)
    peb13                                    0x000280a8   Data        8000  main.o(.constdata)
    peb14                                    0x00029fe8   Data        8000  main.o(.constdata)
    got1                                     0x0002bf28   Data        1508  main.o(.constdata)
    got2                                     0x0002c50c   Data        1508  main.o(.constdata)
    got3                                     0x0002caf0   Data        1508  main.o(.constdata)
    laugh0                                   0x0002d0d4   Data        1260  main.o(.constdata)
    laugh1                                   0x0002d5c0   Data        1200  main.o(.constdata)
    laugh2                                   0x0002da70   Data        1200  main.o(.constdata)
    title                                    0x0002df20   Data       18432  main.o(.constdata)
    duckred                                  0x00032720   Data         800  main.o(.constdata)
    duckwhite                                0x00032a40   Data         800  main.o(.constdata)
    Fur_Elise                                0x00032d60   Data        1776  main.o(.constdata)
    laugh                                    0x00033450   Data       26796  main.o(.constdata)
    flapping                                 0x00039cfc   Data       12108  main.o(.constdata)
    .constdata                               0x0003cc48   Section     2114  st7735.o(.constdata)
    Font                                     0x0003cc48   Data        1275  st7735.o(.constdata)
    Bcmd                                     0x0003d143   Data         103  st7735.o(.constdata)
    Rcmd1                                    0x0003d1aa   Data          59  st7735.o(.constdata)
    Rcmd2green                               0x0003d1e5   Data          13  st7735.o(.constdata)
    Rcmd2red                                 0x0003d1f2   Data          13  st7735.o(.constdata)
    Rcmd3                                    0x0003d1ff   Data          43  st7735.o(.constdata)
    smallCircle                              0x0003d22a   Data          36  st7735.o(.constdata)
    circle                                   0x0003d24e   Data          60  st7735.o(.constdata)
    dBfs                                     0x0003d28a   Data         512  st7735.o(.constdata)
    .constdata                               0x0003d48a   Section       32  sound.o(.constdata)
    wave                                     0x0003d48a   Data          32  sound.o(.constdata)
    .init_array                              0x0003d4cc   Section        4  main.o(.init_array)
    .init_array                              0x0003d4d0   Section        4  uart.o(.init_array)
    .data                                    0x20000000   Section      216  main.o(.data)
    j1x                                      0x20000000   Data           4  main.o(.data)
    j1y                                      0x20000004   Data           4  main.o(.data)
    j2x                                      0x20000008   Data           4  main.o(.data)
    j2y                                      0x2000000c   Data           4  main.o(.data)
    .data                                    0x200000d8   Section        4  random.o(.data)
    M                                        0x200000d8   Data           4  random.o(.data)
    .data                                    0x200000dc   Section       44  st7735.o(.data)
    _width                                   0x200000e6   Data           2  st7735.o(.data)
    _height                                  0x200000e8   Data           2  st7735.o(.data)
    ColStart                                 0x200000f0   Data           1  st7735.o(.data)
    RowStart                                 0x200000f1   Data           1  st7735.o(.data)
    Rotation                                 0x200000f2   Data           1  st7735.o(.data)
    TabColor                                 0x200000f3   Data           1  st7735.o(.data)
    .data                                    0x20000108   Section       16  slidepot.o(.data)
    j1x                                      0x20000108   Data           4  slidepot.o(.data)
    j1y                                      0x2000010c   Data           4  slidepot.o(.data)
    j2x                                      0x20000110   Data           4  slidepot.o(.data)
    j2y                                      0x20000114   Data           4  slidepot.o(.data)
    .data                                    0x20000118   Section        4  sound.o(.data)
    i                                        0x20000118   Data           4  sound.o(.data)
    .data                                    0x2000011c   Section       16  timer.o(.data)
    .bss                                     0x2000012c   Section       56  main.o(.bss)
    .bss                                     0x20000164   Section       12  st7735.o(.bss)
    .bss                                     0x20000170   Section       40  uart.o(.bss)
    .bss                                     0x20000198   Section       96  libspace.o(.bss)
    HEAP                                     0x200001f8   Section     1024  startup_tm4c123.o(HEAP)
    Heap_Mem                                 0x200001f8   Data        1024  startup_tm4c123.o(HEAP)
    STACK                                    0x200005f8   Section     1024  startup_tm4c123.o(STACK)
    Stack_Mem                                0x200005f8   Data        1024  startup_tm4c123.o(STACK)
    __initial_sp                             0x200009f8   Data           0  startup_tm4c123.o(STACK)

    Global Symbols

    Symbol Name                              Value     Ov Type        Size  Object(Section)

    BuildAttributes$$THM_ISAv4$E$P$D$K$B$S$7EM$PE$A:L22UL41UL21$X:L11$S22US41US21$IEEE1$IW$USESV6$~STKCKD$USESV7$~SHL$OSPACE$ROPI$EBA8$UX$STANDARDLIB$REQ8$PRES8$EABIv2 0x00000000   Number         0  anon$$obj.o ABSOLUTE
    __ARM_use_no_argv                        0x00000000   Number         0  main.o ABSOLUTE
    __Vectors                                0x00000000   Data           4  startup_tm4c123.o(RESET)
    __ARM_exceptions_init                     - Undefined Weak Reference
    __alloca_initialize                       - Undefined Weak Reference
    __cxa_finalize                            - Undefined Weak Reference
    __rt_locale                               - Undefined Weak Reference
    __sigvec_lookup                           - Undefined Weak Reference
    _atexit_init                              - Undefined Weak Reference
    _call_atexit_fns                          - Undefined Weak Reference
    _clock_init                               - Undefined Weak Reference
    _fp_trap_init                             - Undefined Weak Reference
    _fp_trap_shutdown                         - Undefined Weak Reference
    _get_lc_collate                           - Undefined Weak Reference
    _get_lc_ctype                             - Undefined Weak Reference
    _get_lc_monetary                          - Undefined Weak Reference
    _get_lc_numeric                           - Undefined Weak Reference
    _get_lc_time                              - Undefined Weak Reference
    _getenv_init                              - Undefined Weak Reference
    _handle_redirection                       - Undefined Weak Reference
    _init_alloc                               - Undefined Weak Reference
    _init_user_alloc                          - Undefined Weak Reference
    _initio                                   - Undefined Weak Reference
    _rand_init                                - Undefined Weak Reference
    _signal_finish                            - Undefined Weak Reference
    _signal_init                              - Undefined Weak Reference
    _terminate_alloc                          - Undefined Weak Reference
    _terminate_user_alloc                     - Undefined Weak Reference
    _terminateio                              - Undefined Weak Reference
    __Vectors_End                            0x0000026c   Data           0  startup_tm4c123.o(RESET)
    __Vectors_Size                           0x0000026c   Number         0  startup_tm4c123.o ABSOLUTE
    __main                                   0x0000026d   Thumb Code     8  __main.o(!!!main)
    __scatterload                            0x00000275   Thumb Code     0  __scatter.o(!!!scatter)
    __scatterload_rt2                        0x00000275   Thumb Code    44  __scatter.o(!!!scatter)
    __scatterload_rt2_thumb_only             0x00000275   Thumb Code     0  __scatter.o(!!!scatter)
    __scatterload_null                       0x00000283   Thumb Code     0  __scatter.o(!!!scatter)
    __decompress                             0x000002a9   Thumb Code    90  __dczerorl2.o(!!dczerorl2)
    __decompress1                            0x000002a9   Thumb Code     0  __dczerorl2.o(!!dczerorl2)
    __scatterload_zeroinit                   0x00000305   Thumb Code    28  __scatter_zi.o(!!handler_zi)
    __rt_lib_init                            0x00000321   Thumb Code     0  libinit.o(.ARM.Collect$$libinit$$00000000)
    __rt_lib_init_alloca_1                   0x00000323   Thumb Code     0  libinit2.o(.ARM.Collect$$libinit$$0000002C)
    __rt_lib_init_argv_1                     0x00000323   Thumb Code     0  libinit2.o(.ARM.Collect$$libinit$$0000002A)
    __rt_lib_init_atexit_1                   0x00000323   Thumb Code     0  libinit2.o(.ARM.Collect$$libinit$$00000019)
    __rt_lib_init_clock_1                    0x00000323   Thumb Code     0  libinit2.o(.ARM.Collect$$libinit$$0000001F)
    __rt_lib_init_cpp_2                      0x00000323   Thumb Code     0  libinit2.o(.ARM.Collect$$libinit$$0000002F)
    __rt_lib_init_exceptions_1               0x00000323   Thumb Code     0  libinit2.o(.ARM.Collect$$libinit$$0000002E)
    __rt_lib_init_fp_1                       0x00000323   Thumb Code     0  libinit2.o(.ARM.Collect$$libinit$$00000002)
    __rt_lib_init_fp_trap_1                  0x00000323   Thumb Code     0  libinit2.o(.ARM.Collect$$libinit$$0000001D)
    __rt_lib_init_getenv_1                   0x00000323   Thumb Code     0  libinit2.o(.ARM.Collect$$libinit$$00000021)
    __rt_lib_init_heap_1                     0x00000323   Thumb Code     0  libinit2.o(.ARM.Collect$$libinit$$00000008)
    __rt_lib_init_lc_collate_1               0x00000323   Thumb Code     0  libinit2.o(.ARM.Collect$$libinit$$0000000F)
    __rt_lib_init_lc_ctype_1                 0x00000323   Thumb Code     0  libinit2.o(.ARM.Collect$$libinit$$00000011)
    __rt_lib_init_lc_monetary_1              0x00000323   Thumb Code     0  libinit2.o(.ARM.Collect$$libinit$$00000013)
    __rt_lib_init_lc_numeric_1               0x00000323   Thumb Code     0  libinit2.o(.ARM.Collect$$libinit$$00000015)
    __rt_lib_init_lc_time_1                  0x00000323   Thumb Code     0  libinit2.o(.ARM.Collect$$libinit$$00000017)
    __rt_lib_init_rand_1                     0x00000323   Thumb Code     0  libinit2.o(.ARM.Collect$$libinit$$0000000C)
    __rt_lib_init_signal_1                   0x00000323   Thumb Code     0  libinit2.o(.ARM.Collect$$libinit$$0000001B)
    __rt_lib_init_stdio_1                    0x00000323   Thumb Code     0  libinit2.o(.ARM.Collect$$libinit$$00000023)
    __rt_lib_init_user_alloc_1               0x00000323   Thumb Code     0  libinit2.o(.ARM.Collect$$libinit$$0000000A)
    __rt_lib_init_cpp_1                      0x00000327   Thumb Code     0  libinit2.o(.ARM.Collect$$libinit$$00000030)
    __rt_lib_init_return                     0x00000327   Thumb Code     0  libinit2.o(.ARM.Collect$$libinit$$00000031)
    __rt_lib_shutdown                        0x00000329   Thumb Code     0  libshutdown.o(.ARM.Collect$$libshutdown$$00000000)
    __rt_lib_shutdown_fp_trap_1              0x0000032b   Thumb Code     0  libshutdown2.o(.ARM.Collect$$libshutdown$$00000006)
    __rt_lib_shutdown_heap_1                 0x0000032b   Thumb Code     0  libshutdown2.o(.ARM.Collect$$libshutdown$$0000000E)
    __rt_lib_shutdown_return                 0x0000032b   Thumb Code     0  libshutdown2.o(.ARM.Collect$$libshutdown$$0000000F)
    __rt_lib_shutdown_signal_1               0x0000032b   Thumb Code     0  libshutdown2.o(.ARM.Collect$$libshutdown$$00000009)
    __rt_lib_shutdown_stdio_1                0x0000032b   Thumb Code     0  libshutdown2.o(.ARM.Collect$$libshutdown$$00000003)
    __rt_lib_shutdown_user_alloc_1           0x0000032b   Thumb Code     0  libshutdown2.o(.ARM.Collect$$libshutdown$$0000000B)
    __rt_entry                               0x0000032d   Thumb Code     0  rtentry.o(.ARM.Collect$$rtentry$$00000000)
    __rt_entry_presh_1                       0x0000032d   Thumb Code     0  rtentry2.o(.ARM.Collect$$rtentry$$00000002)
    __rt_entry_sh                            0x0000032d   Thumb Code     0  rtentry4.o(.ARM.Collect$$rtentry$$00000004)
    __rt_entry_li                            0x00000333   Thumb Code     0  rtentry2.o(.ARM.Collect$$rtentry$$0000000A)
    __rt_entry_postsh_1                      0x00000333   Thumb Code     0  rtentry2.o(.ARM.Collect$$rtentry$$00000009)
    __rt_entry_main                          0x00000337   Thumb Code     0  rtentry2.o(.ARM.Collect$$rtentry$$0000000D)
    __rt_entry_postli_1                      0x00000337   Thumb Code     0  rtentry2.o(.ARM.Collect$$rtentry$$0000000C)
    __rt_exit                                0x0000033f   Thumb Code     0  rtexit.o(.ARM.Collect$$rtexit$$00000000)
    __rt_exit_ls                             0x00000341   Thumb Code     0  rtexit2.o(.ARM.Collect$$rtexit$$00000003)
    __rt_exit_prels_1                        0x00000341   Thumb Code     0  rtexit2.o(.ARM.Collect$$rtexit$$00000002)
    __rt_exit_exit                           0x00000345   Thumb Code     0  rtexit2.o(.ARM.Collect$$rtexit$$00000004)
    Reset_Handler                            0x0000034d   Thumb Code     4  startup_tm4c123.o(.text)
    DisableInterrupts                        0x00000351   Thumb Code     4  startup_tm4c123.o(.text)
    EnableInterrupts                         0x00000355   Thumb Code     4  startup_tm4c123.o(.text)
    StartCritical                            0x00000359   Thumb Code     8  startup_tm4c123.o(.text)
    EndCritical                              0x00000361   Thumb Code     6  startup_tm4c123.o(.text)
    WaitForInterrupt                         0x00000367   Thumb Code     4  startup_tm4c123.o(.text)
    NMI_Handler                              0x0000036b   Thumb Code     2  startup_tm4c123.o(.text)
    HardFault_Handler                        0x0000036d   Thumb Code     2  startup_tm4c123.o(.text)
    MemManage_Handler                        0x0000036f   Thumb Code     2  startup_tm4c123.o(.text)
    BusFault_Handler                         0x00000371   Thumb Code     2  startup_tm4c123.o(.text)
    UsageFault_Handler                       0x00000373   Thumb Code     2  startup_tm4c123.o(.text)
    SVC_Handler                              0x00000375   Thumb Code     2  startup_tm4c123.o(.text)
    DebugMon_Handler                         0x00000377   Thumb Code     2  startup_tm4c123.o(.text)
    PendSV_Handler                           0x00000379   Thumb Code     2  startup_tm4c123.o(.text)
    GPIOA_Handler                            0x0000037d   Thumb Code     2  startup_tm4c123.o(.text)
    GPIOB_Handler                            0x0000037f   Thumb Code     2  startup_tm4c123.o(.text)
    GPIOC_Handler                            0x00000381   Thumb Code     2  startup_tm4c123.o(.text)
    GPIOD_Handler                            0x00000383   Thumb Code     2  startup_tm4c123.o(.text)
    GPIOE_Handler                            0x00000385   Thumb Code     2  startup_tm4c123.o(.text)
    UART0_Handler                            0x00000387   Thumb Code     2  startup_tm4c123.o(.text)
    SSI0_Handler                             0x0000038b   Thumb Code     2  startup_tm4c123.o(.text)
    I2C0_Handler                             0x0000038d   Thumb Code     2  startup_tm4c123.o(.text)
    PMW0_FAULT_Handler                       0x0000038f   Thumb Code     2  startup_tm4c123.o(.text)
    PWM0_0_Handler                           0x00000391   Thumb Code     2  startup_tm4c123.o(.text)
    PWM0_1_Handler                           0x00000393   Thumb Code     2  startup_tm4c123.o(.text)
    PWM0_2_Handler                           0x00000395   Thumb Code     2  startup_tm4c123.o(.text)
    QEI0_Handler                             0x00000397   Thumb Code     2  startup_tm4c123.o(.text)
    ADC0SS0_Handler                          0x00000399   Thumb Code     2  startup_tm4c123.o(.text)
    ADC0SS1_Handler                          0x0000039b   Thumb Code     2  startup_tm4c123.o(.text)
    ADC0SS2_Handler                          0x0000039d   Thumb Code     2  startup_tm4c123.o(.text)
    ADC0SS3_Handler                          0x0000039f   Thumb Code     2  startup_tm4c123.o(.text)
    WDT0_Handler                             0x000003a1   Thumb Code     2  startup_tm4c123.o(.text)
    TIMER0B_Handler                          0x000003a5   Thumb Code     2  startup_tm4c123.o(.text)
    TIMER1B_Handler                          0x000003a9   Thumb Code     2  startup_tm4c123.o(.text)
    TIMER2B_Handler                          0x000003ad   Thumb Code     2  startup_tm4c123.o(.text)
    COMP0_Handler                            0x000003af   Thumb Code     2  startup_tm4c123.o(.text)
    COMP1_Handler                            0x000003b1   Thumb Code     2  startup_tm4c123.o(.text)
    COMP2_Handler                            0x000003b3   Thumb Code     2  startup_tm4c123.o(.text)
    SYSCTL_Handler                           0x000003b5   Thumb Code     2  startup_tm4c123.o(.text)
    FLASH_Handler                            0x000003b7   Thumb Code     2  startup_tm4c123.o(.text)
    GPIOF_Handler                            0x000003b9   Thumb Code     2  startup_tm4c123.o(.text)
    GPIOG_Handler                            0x000003bb   Thumb Code     2  startup_tm4c123.o(.text)
    GPIOH_Handler                            0x000003bd   Thumb Code     2  startup_tm4c123.o(.text)
    UART2_Handler                            0x000003bf   Thumb Code     2  startup_tm4c123.o(.text)
    SSI1_Handler                             0x000003c1   Thumb Code     2  startup_tm4c123.o(.text)
    TIMER3B_Handler                          0x000003c5   Thumb Code     2  startup_tm4c123.o(.text)
    I2C1_Handler                             0x000003c7   Thumb Code     2  startup_tm4c123.o(.text)
    QEI1_Handler                             0x000003c9   Thumb Code     2  startup_tm4c123.o(.text)
    CAN0_Handler                             0x000003cb   Thumb Code     2  startup_tm4c123.o(.text)
    CAN1_Handler                             0x000003cd   Thumb Code     2  startup_tm4c123.o(.text)
    CAN2_Handler                             0x000003cf   Thumb Code     2  startup_tm4c123.o(.text)
    HIB_Handler                              0x000003d1   Thumb Code     2  startup_tm4c123.o(.text)
    USB0_Handler                             0x000003d3   Thumb Code     2  startup_tm4c123.o(.text)
    PWM0_3_Handler                           0x000003d5   Thumb Code     2  startup_tm4c123.o(.text)
    UDMA_Handler                             0x000003d7   Thumb Code     2  startup_tm4c123.o(.text)
    UDMAERR_Handler                          0x000003d9   Thumb Code     2  startup_tm4c123.o(.text)
    ADC1SS0_Handler                          0x000003db   Thumb Code     2  startup_tm4c123.o(.text)
    ADC1SS1_Handler                          0x000003dd   Thumb Code     2  startup_tm4c123.o(.text)
    ADC1SS2_Handler                          0x000003df   Thumb Code     2  startup_tm4c123.o(.text)
    ADC1SS3_Handler                          0x000003e1   Thumb Code     2  startup_tm4c123.o(.text)
    GPIOJ_Handler                            0x000003e3   Thumb Code     2  startup_tm4c123.o(.text)
    GPIOK_Handler                            0x000003e5   Thumb Code     2  startup_tm4c123.o(.text)
    GPIOL_Handler                            0x000003e7   Thumb Code     2  startup_tm4c123.o(.text)
    SSI2_Handler                             0x000003e9   Thumb Code     2  startup_tm4c123.o(.text)
    SSI3_Handler                             0x000003eb   Thumb Code     2  startup_tm4c123.o(.text)
    UART3_Handler                            0x000003ed   Thumb Code     2  startup_tm4c123.o(.text)
    UART4_Handler                            0x000003ef   Thumb Code     2  startup_tm4c123.o(.text)
    UART5_Handler                            0x000003f1   Thumb Code     2  startup_tm4c123.o(.text)
    UART6_Handler                            0x000003f3   Thumb Code     2  startup_tm4c123.o(.text)
    UART7_Handler                            0x000003f5   Thumb Code     2  startup_tm4c123.o(.text)
    I2C2_Handler                             0x000003f7   Thumb Code     2  startup_tm4c123.o(.text)
    I2C3_Handler                             0x000003f9   Thumb Code     2  startup_tm4c123.o(.text)
    TIMER4A_Handler                          0x000003fb   Thumb Code     2  startup_tm4c123.o(.text)
    TIMER4B_Handler                          0x000003fd   Thumb Code     2  startup_tm4c123.o(.text)
    TIMER5B_Handler                          0x00000401   Thumb Code     2  startup_tm4c123.o(.text)
    WTIMER0A_Handler                         0x00000403   Thumb Code     2  startup_tm4c123.o(.text)
    WTIMER0B_Handler                         0x00000405   Thumb Code     2  startup_tm4c123.o(.text)
    WTIMER1A_Handler                         0x00000407   Thumb Code     2  startup_tm4c123.o(.text)
    WTIMER1B_Handler                         0x00000409   Thumb Code     2  startup_tm4c123.o(.text)
    WTIMER2A_Handler                         0x0000040b   Thumb Code     2  startup_tm4c123.o(.text)
    WTIMER2B_Handler                         0x0000040d   Thumb Code     2  startup_tm4c123.o(.text)
    WTIMER3A_Handler                         0x0000040f   Thumb Code     2  startup_tm4c123.o(.text)
    WTIMER3B_Handler                         0x00000411   Thumb Code     2  startup_tm4c123.o(.text)
    WTIMER4A_Handler                         0x00000413   Thumb Code     2  startup_tm4c123.o(.text)
    WTIMER4B_Handler                         0x00000415   Thumb Code     2  startup_tm4c123.o(.text)
    WTIMER5A_Handler                         0x00000417   Thumb Code     2  startup_tm4c123.o(.text)
    WTIMER5B_Handler                         0x00000419   Thumb Code     2  startup_tm4c123.o(.text)
    FPU_Handler                              0x0000041b   Thumb Code     2  startup_tm4c123.o(.text)
    I2C4_Handler                             0x0000041d   Thumb Code     2  startup_tm4c123.o(.text)
    I2C5_Handler                             0x0000041f   Thumb Code     2  startup_tm4c123.o(.text)
    GPIOM_Handler                            0x00000421   Thumb Code     2  startup_tm4c123.o(.text)
    GPION_Handler                            0x00000423   Thumb Code     2  startup_tm4c123.o(.text)
    QEI2_Handler                             0x00000425   Thumb Code     2  startup_tm4c123.o(.text)
    GPIOP0_Handler                           0x00000427   Thumb Code     2  startup_tm4c123.o(.text)
    GPIOP1_Handler                           0x00000429   Thumb Code     2  startup_tm4c123.o(.text)
    GPIOP2_Handler                           0x0000042b   Thumb Code     2  startup_tm4c123.o(.text)
    GPIOP3_Handler                           0x0000042d   Thumb Code     2  startup_tm4c123.o(.text)
    GPIOP4_Handler                           0x0000042f   Thumb Code     2  startup_tm4c123.o(.text)
    GPIOP5_Handler                           0x00000431   Thumb Code     2  startup_tm4c123.o(.text)
    GPIOP6_Handler                           0x00000433   Thumb Code     2  startup_tm4c123.o(.text)
    GPIOP7_Handler                           0x00000435   Thumb Code     2  startup_tm4c123.o(.text)
    GPIOQ0_Handler                           0x00000437   Thumb Code     2  startup_tm4c123.o(.text)
    GPIOQ1_Handler                           0x00000439   Thumb Code     2  startup_tm4c123.o(.text)
    GPIOQ2_Handler                           0x0000043b   Thumb Code     2  startup_tm4c123.o(.text)
    GPIOQ3_Handler                           0x0000043d   Thumb Code     2  startup_tm4c123.o(.text)
    GPIOQ4_Handler                           0x0000043f   Thumb Code     2  startup_tm4c123.o(.text)
    GPIOQ5_Handler                           0x00000441   Thumb Code     2  startup_tm4c123.o(.text)
    GPIOQ6_Handler                           0x00000443   Thumb Code     2  startup_tm4c123.o(.text)
    GPIOQ7_Handler                           0x00000445   Thumb Code     2  startup_tm4c123.o(.text)
    GPIOR_Handler                            0x00000447   Thumb Code     2  startup_tm4c123.o(.text)
    GPIOS_Handler                            0x00000449   Thumb Code     2  startup_tm4c123.o(.text)
    PMW1_0_Handler                           0x0000044b   Thumb Code     2  startup_tm4c123.o(.text)
    PWM1_1_Handler                           0x0000044d   Thumb Code     2  startup_tm4c123.o(.text)
    PWM1_2_Handler                           0x0000044f   Thumb Code     2  startup_tm4c123.o(.text)
    PWM1_3_Handler                           0x00000451   Thumb Code     2  startup_tm4c123.o(.text)
    PWM1_FAULT_Handler                       0x00000453   Thumb Code     2  startup_tm4c123.o(.text)
    __user_initial_stackheap                 0x00000455   Thumb Code     0  startup_tm4c123.o(.text)
    before_play()                            0x00000475   Thumb Code     8  main.o(.text)
    play_laugh()                             0x0000047d   Thumb Code    38  main.o(.text)
    play_shot()                              0x000004a3   Thumb Code    38  main.o(.text)
    reflesh()                                0x000004c9   Thumb Code   610  main.o(.text)
    display_zero_duck()                      0x0000072b   Thumb Code    36  main.o(.text)
    display_one_duck()                       0x0000074f   Thumb Code    36  main.o(.text)
    display_two_duck()                       0x00000773   Thumb Code    36  main.o(.text)
    check(int, int, int, int, int, int, int, int) 0x00000797   Thumb Code   150  main.o(.text)
    display_duck()                           0x0000082d   Thumb Code  1522  main.o(.text)
    beginning()                              0x00000e1f   Thumb Code    70  main.o(.text)
    pick_duck()                              0x00000e65   Thumb Code   134  main.o(.text)
    display_bullet()                         0x00000eeb   Thumb Code    78  main.o(.text)
    display_laugh()                          0x00000f39   Thumb Code    50  main.o(.text)
    bottom_init()                            0x00000f6b   Thumb Code    78  main.o(.text)
    clock()                                  0x00000fb9   Thumb Code    80  main.o(.text)
    save()                                   0x00001009   Thumb Code    26  main.o(.text)
    save2()                                  0x00001023   Thumb Code   418  main.o(.text)
    main                                     0x000011c5   Thumb Code  1702  main.o(.text)
    DAC_Init()                               0x00001949   Thumb Code   108  dac.o(.text)
    DAC_Out(unsigned long)                   0x000019b5   Thumb Code     6  dac.o(.text)
    PLL_Init(unsigned)                       0x000019d5   Thumb Code   118  pll.o(.text)
    Random_Init(unsigned)                    0x00001a51   Thumb Code     6  random.o(.text)
    Random32()                               0x00001a57   Thumb Code    22  random.o(.text)
    Random()                                 0x00001a6d   Thumb Code    22  random.o(.text)
    Delay1ms(unsigned)                       0x00001aef   Thumb Code    32  st7735.o(.text)
    ST7735_FillRect(short, short, short, short, unsigned short) 0x00001d23   Thumb Code   168  st7735.o(.text)
    ST7735_FillScreen(unsigned short)        0x00001dcb   Thumb Code    28  st7735.o(.text)
    ST7735_SetCursor(unsigned, unsigned)     0x00001de7   Thumb Code    22  st7735.o(.text)
    ST7735_InitB()                           0x00001dfd   Thumb Code    32  st7735.o(.text)
    ST7735_InitR(initRFlags)                 0x00001e1d   Thumb Code   188  st7735.o(.text)
    ST7735_DrawPixel(short, short, unsigned short) 0x00001eeb   Thumb Code    68  st7735.o(.text)
    ST7735_DrawFastVLine(short, short, short, unsigned short) 0x00001f2f   Thumb Code   120  st7735.o(.text)
    ST7735_DrawFastHLine(short, short, short, unsigned short) 0x00001fa7   Thumb Code   120  st7735.o(.text)
    ST7735_DrawSmallCircle(short, short, unsigned short) 0x0000201f   Thumb Code   158  st7735.o(.text)
    ST7735_DrawCircle(short, short, unsigned short) 0x000020bd   Thumb Code   158  st7735.o(.text)
    ST7735_Color565(unsigned char, unsigned char, unsigned char) 0x0000215b   Thumb Code    24  st7735.o(.text)
    ST7735_SwapColor(unsigned short)         0x00002173   Thumb Code    18  st7735.o(.text)
    ST7735_DrawBitmap(short, short, const unsigned short*, short, short) 0x00002185   Thumb Code   316  st7735.o(.text)
    drawOverLap()                            0x000022c1   Thumb Code     2  st7735.o(.text)
    ST7735_DrawCharS(short, short, char, short, short, unsigned char) 0x000022c3   Thumb Code   250  st7735.o(.text)
    ST7735_DrawChar(short, short, char, short, short, unsigned char) 0x000023bd   Thumb Code   260  st7735.o(.text)
    ST7735_DrawString(unsigned short, unsigned short, char*, short) 0x000024c1   Thumb Code    84  st7735.o(.text)
    fillmessage(unsigned)                    0x00002515   Thumb Code    64  st7735.o(.text)
    ST7735_OutUDec(unsigned)                 0x00002555   Thumb Code   118  st7735.o(.text)
    ST7735_SetRotation(unsigned char)        0x000025cb   Thumb Code   200  st7735.o(.text)
    ST7735_InvertDisplay(int)                0x00002693   Thumb Code    26  st7735.o(.text)
    ST7735_PlotClear(int, int)               0x000026ad   Thumb Code    74  st7735.o(.text)
    ST7735_PlotPoint(int)                    0x000026f7   Thumb Code   194  st7735.o(.text)
    ST7735_PlotLine(int)                     0x000027b9   Thumb Code   242  st7735.o(.text)
    ST7735_PlotPoints(int, int)              0x000028ab   Thumb Code   154  st7735.o(.text)
    ST7735_PlotBar(int)                      0x00002945   Thumb Code    72  st7735.o(.text)
    ST7735_PlotdBfs(int)                     0x0000298d   Thumb Code    52  st7735.o(.text)
    ST7735_PlotNext()                        0x000029c1   Thumb Code    28  st7735.o(.text)
    ST7735_PlotNextErase()                   0x000029dd   Thumb Code    58  st7735.o(.text)
    ST7735_OutChar                           0x00002a17   Thumb Code   176  st7735.o(.text)
    ST7735_OutString                         0x00002ac7   Thumb Code    22  st7735.o(.text)
    ST7735_SetTextColor(unsigned short)      0x00002add   Thumb Code     6  st7735.o(.text)
    Output_Init()                            0x00002ae3   Thumb Code    16  st7735.o(.text)
    Output_Clear()                           0x00002af3   Thumb Code    10  st7735.o(.text)
    Output_Off()                             0x00002afd   Thumb Code     8  st7735.o(.text)
    Output_On()                              0x00002b05   Thumb Code     8  st7735.o(.text)
    Output_Color(unsigned)                   0x00002b0d   Thumb Code    12  st7735.o(.text)
    ADC_Init()                               0x00002b55   Thumb Code   198  slidepot.o(.text)
    ADC1xy_Init()                            0x00002c1b   Thumb Code   188  slidepot.o(.text)
    ADC_In()                                 0x00002cd7   Thumb Code    58  slidepot.o(.text)
    ADC2_In()                                0x00002d11   Thumb Code     6  slidepot.o(.text)
    ADC1x_In()                               0x00002d17   Thumb Code    58  slidepot.o(.text)
    ADC1y_In()                               0x00002d51   Thumb Code     6  slidepot.o(.text)
    SlidePot::SlidePot(unsigned, unsigned)   0x00002d57   Thumb Code    20  slidepot.o(.text)
    SlidePot::SlidePot__sub_object(unsigned, unsigned) 0x00002d57   Thumb Code     0  slidepot.o(.text)
    SlidePot::SlidePot(unsigned, unsigned, unsigned, unsigned) 0x00002d6b   Thumb Code    22  slidepot.o(.text)
    SlidePot::SlidePot__sub_object(unsigned, unsigned, unsigned, unsigned) 0x00002d6b   Thumb Code     0  slidepot.o(.text)
    SlidePot::Convert(unsigned)              0x00002d81   Thumb Code    14  slidepot.o(.text)
    SlidePot::Save(unsigned, unsigned)       0x00002d8f   Thumb Code   110  slidepot.o(.text)
    SlidePot::Sync()                         0x00002dfd   Thumb Code    14  slidepot.o(.text)
    Sound_Init()                             0x00002e51   Thumb Code    44  sound.o(.text)
    SysTick_Handler                          0x00002e7d   Thumb Code    30  sound.o(.text)
    Sound_Play(unsigned)                     0x00002e9b   Thumb Code    36  sound.o(.text)
    Sound_Shoot()                            0x00002ebf   Thumb Code     2  sound.o(.text)
    Sound_Killed()                           0x00002ec1   Thumb Code     2  sound.o(.text)
    Sound_Explosion()                        0x00002ec3   Thumb Code     2  sound.o(.text)
    Sound_Fastinvader1()                     0x00002ec5   Thumb Code     2  sound.o(.text)
    Sound_Fastinvader2()                     0x00002ec7   Thumb Code     2  sound.o(.text)
    Sound_Fastinvader3()                     0x00002ec9   Thumb Code     2  sound.o(.text)
    Sound_Fastinvader4()                     0x00002ecb   Thumb Code     2  sound.o(.text)
    Sound_Highpitch()                        0x00002ecd   Thumb Code     2  sound.o(.text)
    UART_Init()                              0x00002ee5   Thumb Code     2  uart.o(.text)
    UART_InChar()                            0x00002ee7   Thumb Code     2  uart.o(.text)
    UART_InStatus()                          0x00002ee9   Thumb Code     4  uart.o(.text)
    UART_OutChar(char)                       0x00002eed   Thumb Code     2  uart.o(.text)
    UART1_Handler                            0x00002eef   Thumb Code     2  uart.o(.text)
    UART_OutString(char*)                    0x00002ef1   Thumb Code    22  uart.o(.text)
    UART_OutUDec(unsigned)                   0x00002f07   Thumb Code    42  uart.o(.text)
    UART_InMessage(char*)                    0x00002f31   Thumb Code     2  uart.o(.text)
    Queue::Queue()                           0x00002f41   Thumb Code     2  fifo.o(.text)
    Queue::Queue__sub_object()               0x00002f41   Thumb Code     0  fifo.o(.text)
    Queue::IsEmpty()                         0x00002f43   Thumb Code     6  fifo.o(.text)
    Queue::IsFull()                          0x00002f49   Thumb Code     6  fifo.o(.text)
    Queue::Put(char)                         0x00002f4f   Thumb Code     6  fifo.o(.text)
    Queue::Get(char*)                        0x00002f55   Thumb Code     6  fifo.o(.text)
    Queue::Print()                           0x00002f5b   Thumb Code     2  fifo.o(.text)
    ADC1_Init()                              0x00002f5d   Thumb Code   168  texas.o(.text)
    UART0_Init()                             0x00003005   Thumb Code   162  texas.o(.text)
    TExaS_Init()                             0x000030a7   Thumb Code    94  texas.o(.text)
    TIMER5A_Handler                          0x00003105   Thumb Code    20  texas.o(.text)
    TExaS_Stop()                             0x00003119   Thumb Code    18  texas.o(.text)
    Timer0_Init(void(*)(), unsigned)         0x00003181   Thumb Code    68  timer.o(.text)
    TIMER0A_Handler                          0x000031c5   Thumb Code    16  timer.o(.text)
    Timer0A_Stop()                           0x000031d5   Thumb Code    14  timer.o(.text)
    Timer0A_Start()                          0x000031e3   Thumb Code    14  timer.o(.text)
    Timer1_Init(void(*)(), unsigned)         0x000031f1   Thumb Code    72  timer.o(.text)
    TIMER1A_Handler                          0x00003239   Thumb Code    16  timer.o(.text)
    Timer1A_Stop()                           0x00003249   Thumb Code    14  timer.o(.text)
    Timer1A_Start()                          0x00003257   Thumb Code    14  timer.o(.text)
    Timer2_Init(void(*)(), unsigned)         0x00003265   Thumb Code    80  timer.o(.text)
    TIMER2A_Handler                          0x000032b5   Thumb Code    16  timer.o(.text)
    Timer2A_Stop()                           0x000032c5   Thumb Code    14  timer.o(.text)
    Timer2A_Start()                          0x000032d3   Thumb Code    14  timer.o(.text)
    Timer3_Init(void(*)(), unsigned)         0x000032e1   Thumb Code    78  timer.o(.text)
    TIMER3A_Handler                          0x0000332f   Thumb Code    16  timer.o(.text)
    Timer3A_Stop()                           0x0000333f   Thumb Code    14  timer.o(.text)
    Timer3A_Start()                          0x0000334d   Thumb Code    14  timer.o(.text)
    __use_two_region_memory                  0x0000338d   Thumb Code     2  heapauxi.o(.text)
    __rt_heap_escrow$2region                 0x0000338f   Thumb Code     2  heapauxi.o(.text)
    __rt_heap_expand$2region                 0x00003391   Thumb Code     2  heapauxi.o(.text)
    __cpp_initialize__aeabi_                 0x00003395   Thumb Code    26  init_aeabi.o(.text)
    __user_setup_stackheap                   0x000033b9   Thumb Code    74  sys_stackheap_outer.o(.text)
    exit                                     0x00003403   Thumb Code    12  exit.o(.text)
    __user_libspace                          0x00003411   Thumb Code     8  libspace.o(.text)
    __user_perproc_libspace                  0x00003411   Thumb Code     0  libspace.o(.text)
    __user_perthread_libspace                0x00003411   Thumb Code     0  libspace.o(.text)
    __I$use$semihosting                      0x00003419   Thumb Code     0  use_no_semi.o(.text)
    __use_no_semihosting_swi                 0x00003419   Thumb Code     2  use_no_semi.o(.text)
    __semihosting_library_function           0x0000341b   Thumb Code     0  indicate_semi.o(.text)
    _sys_exit                                0x0000341d   Thumb Code     8  sys_exit.o(.text)
    Region$$Table$$Base                      0x0003d4ac   Number         0  anon$$obj.o(Region$$Table)
    Region$$Table$$Limit                     0x0003d4cc   Number         0  anon$$obj.o(Region$$Table)
    SHT$$INIT_ARRAY$$Base                    0x0003d4cc   Number         0  main.o(.init_array)
    SHT$$INIT_ARRAY$$Limit                   0x0003d4d4   Number         0  uart.o(.init_array)
    k                                        0x20000010   Data           4  main.o(.data)
    duckx                                    0x20000014   Data           4  main.o(.data)
    ducky                                    0x20000018   Data           4  main.o(.data)
    duckw                                    0x2000001c   Data           4  main.o(.data)
    duckh                                    0x20000020   Data           4  main.o(.data)
    duckstate                                0x20000024   Data           4  main.o(.data)
    killed                                   0x20000028   Data           4  main.o(.data)
    bullet                                   0x2000002c   Data           4  main.o(.data)
    mission                                  0x20000030   Data           4  main.o(.data)
    rn                                       0x20000034   Data           4  main.o(.data)
    is_pressed                               0x20000038   Data           1  main.o(.data)
    is_released                              0x20000039   Data           1  main.o(.data)
    count                                    0x2000003c   Data           4  main.o(.data)
    state                                    0x20000040   Data           4  main.o(.data)
    gotshotcount                             0x20000044   Data           4  main.o(.data)
    peb                                      0x20000048   Data          68  main.o(.data)
    got                                      0x2000008c   Data          24  main.o(.data)
    laughing                                 0x200000a4   Data          36  main.o(.data)
    time                                     0x200000c8   Data           4  main.o(.data)
    index                                    0x200000cc   Data           4  main.o(.data)
    counter                                  0x200000d0   Data           4  main.o(.data)
    restart                                  0x200000d4   Data           4  main.o(.data)
    StX                                      0x200000dc   Data           4  st7735.o(.data)
    StY                                      0x200000e0   Data           4  st7735.o(.data)
    StTextColor                              0x200000e4   Data           2  st7735.o(.data)
    lastj                                    0x200000ec   Data           4  st7735.o(.data)
    Messageindex                             0x200000f4   Data           4  st7735.o(.data)
    Ymax                                     0x200000f8   Data           4  st7735.o(.data)
    Ymin                                     0x200000fc   Data           4  st7735.o(.data)
    X                                        0x20000100   Data           4  st7735.o(.data)
    Yrange                                   0x20000104   Data           4  st7735.o(.data)
    PeriodicTask0                            0x2000011c   Data           4  timer.o(.data)
    PeriodicTask1                            0x20000120   Data           4  timer.o(.data)
    PeriodicTask2                            0x20000124   Data           4  timer.o(.data)
    PeriodicTask3                            0x20000128   Data           4  timer.o(.data)
    my                                       0x2000012c   Data          28  main.o(.bss)
    my2                                      0x20000148   Data          28  main.o(.bss)
    Message                                  0x20000164   Data          12  st7735.o(.bss)
    RxFifo                                   0x20000170   Data          40  uart.o(.bss)
    __libspace_start                         0x20000198   Data          96  libspace.o(.bss)
    __temporary_stack_top$libspace           0x200001f8   Data           0  libspace.o(.bss)



==============================================================================

Memory Map of the image

  Image Entry point : 0x0000026d

  Load Region LR_IROM1 (Base: 0x00000000, Size: 0x0003d600, Max: 0x00040000, ABSOLUTE, COMPRESSED[0x0003d544])

    Execution Region ER_IROM1 (Base: 0x00000000, Size: 0x0003d4d4, Max: 0x00040000, ABSOLUTE)

    Base Addr    Size         Type   Attr      Idx    E Section Name        Object

    0x00000000   0x0000026c   Data   RO            3    RESET               startup_tm4c123.o
    0x0000026c   0x00000008   Code   RO          264  * !!!main             c_w.l(__main.o)
    0x00000274   0x00000034   Code   RO          426    !!!scatter          c_w.l(__scatter.o)
    0x000002a8   0x0000005a   Code   RO          424    !!dczerorl2         c_w.l(__dczerorl2.o)
    0x00000302   0x00000002   PAD
    0x00000304   0x0000001c   Code   RO          428    !!handler_zi        c_w.l(__scatter_zi.o)
    0x00000320   0x00000002   Code   RO          348    .ARM.Collect$$libinit$$00000000  c_w.l(libinit.o)
    0x00000322   0x00000000   Code   RO          274    .ARM.Collect$$libinit$$00000002  c_w.l(libinit2.o)
    0x00000322   0x00000000   Code   RO          277    .ARM.Collect$$libinit$$00000008  c_w.l(libinit2.o)
    0x00000322   0x00000000   Code   RO          279    .ARM.Collect$$libinit$$0000000A  c_w.l(libinit2.o)
    0x00000322   0x00000000   Code   RO          281    .ARM.Collect$$libinit$$0000000C  c_w.l(libinit2.o)
    0x00000322   0x00000000   Code   RO          284    .ARM.Collect$$libinit$$0000000F  c_w.l(libinit2.o)
    0x00000322   0x00000000   Code   RO          286    .ARM.Collect$$libinit$$00000011  c_w.l(libinit2.o)
    0x00000322   0x00000000   Code   RO          288    .ARM.Collect$$libinit$$00000013  c_w.l(libinit2.o)
    0x00000322   0x00000000   Code   RO          290    .ARM.Collect$$libinit$$00000015  c_w.l(libinit2.o)
    0x00000322   0x00000000   Code   RO          292    .ARM.Collect$$libinit$$00000017  c_w.l(libinit2.o)
    0x00000322   0x00000000   Code   RO          294    .ARM.Collect$$libinit$$00000019  c_w.l(libinit2.o)
    0x00000322   0x00000000   Code   RO          296    .ARM.Collect$$libinit$$0000001B  c_w.l(libinit2.o)
    0x00000322   0x00000000   Code   RO          298    .ARM.Collect$$libinit$$0000001D  c_w.l(libinit2.o)
    0x00000322   0x00000000   Code   RO          300    .ARM.Collect$$libinit$$0000001F  c_w.l(libinit2.o)
    0x00000322   0x00000000   Code   RO          302    .ARM.Collect$$libinit$$00000021  c_w.l(libinit2.o)
    0x00000322   0x00000000   Code   RO          304    .ARM.Collect$$libinit$$00000023  c_w.l(libinit2.o)
    0x00000322   0x00000000   Code   RO          308    .ARM.Collect$$libinit$$0000002A  c_w.l(libinit2.o)
    0x00000322   0x00000000   Code   RO          310    .ARM.Collect$$libinit$$0000002C  c_w.l(libinit2.o)
    0x00000322   0x00000000   Code   RO          312    .ARM.Collect$$libinit$$0000002E  c_w.l(libinit2.o)
    0x00000322   0x00000004   Code   RO          313    .ARM.Collect$$libinit$$0000002F  c_w.l(libinit2.o)
    0x00000326   0x00000000   Code   RO          314    .ARM.Collect$$libinit$$00000030  c_w.l(libinit2.o)
    0x00000326   0x00000002   Code   RO          315    .ARM.Collect$$libinit$$00000031  c_w.l(libinit2.o)
    0x00000328   0x00000002   Code   RO          386    .ARM.Collect$$libshutdown$$00000000  c_w.l(libshutdown.o)
    0x0000032a   0x00000000   Code   RO          393    .ARM.Collect$$libshutdown$$00000003  c_w.l(libshutdown2.o)
    0x0000032a   0x00000000   Code   RO          396    .ARM.Collect$$libshutdown$$00000006  c_w.l(libshutdown2.o)
    0x0000032a   0x00000000   Code   RO          399    .ARM.Collect$$libshutdown$$00000009  c_w.l(libshutdown2.o)
    0x0000032a   0x00000000   Code   RO          401    .ARM.Collect$$libshutdown$$0000000B  c_w.l(libshutdown2.o)
    0x0000032a   0x00000000   Code   RO          404    .ARM.Collect$$libshutdown$$0000000E  c_w.l(libshutdown2.o)
    0x0000032a   0x00000002   Code   RO          405    .ARM.Collect$$libshutdown$$0000000F  c_w.l(libshutdown2.o)
    0x0000032c   0x00000000   Code   RO          272    .ARM.Collect$$rtentry$$00000000  c_w.l(rtentry.o)
    0x0000032c   0x00000000   Code   RO          317    .ARM.Collect$$rtentry$$00000002  c_w.l(rtentry2.o)
    0x0000032c   0x00000006   Code   RO          329    .ARM.Collect$$rtentry$$00000004  c_w.l(rtentry4.o)
    0x00000332   0x00000000   Code   RO          319    .ARM.Collect$$rtentry$$00000009  c_w.l(rtentry2.o)
    0x00000332   0x00000004   Code   RO          320    .ARM.Collect$$rtentry$$0000000A  c_w.l(rtentry2.o)
    0x00000336   0x00000000   Code   RO          322    .ARM.Collect$$rtentry$$0000000C  c_w.l(rtentry2.o)
    0x00000336   0x00000008   Code   RO          323    .ARM.Collect$$rtentry$$0000000D  c_w.l(rtentry2.o)
    0x0000033e   0x00000002   Code   RO          354    .ARM.Collect$$rtexit$$00000000  c_w.l(rtexit.o)
    0x00000340   0x00000000   Code   RO          366    .ARM.Collect$$rtexit$$00000002  c_w.l(rtexit2.o)
    0x00000340   0x00000004   Code   RO          367    .ARM.Collect$$rtexit$$00000003  c_w.l(rtexit2.o)
    0x00000344   0x00000006   Code   RO          368    .ARM.Collect$$rtexit$$00000004  c_w.l(rtexit2.o)
    0x0000034a   0x00000002   PAD
    0x0000034c   0x00000128   Code   RO            4    .text               startup_tm4c123.o
    0x00000474   0x000014d4   Code   RO           10    .text               main.o
    0x00001948   0x0000008c   Code   RO           79    .text               dac.o
    0x000019d4   0x0000007c   Code   RO          101    .text               pll.o
    0x00001a50   0x00000040   Code   RO          117    .text               random.o
    0x00001a90   0x000010c4   Code   RO          132    .text               st7735.o
    0x00002b54   0x000002fc   Code   RO          153    .text               slidepot.o
    0x00002e50   0x00000094   Code   RO          171    .text               sound.o
    0x00002ee4   0x0000005c   Code   RO          190    .text               uart.o
    0x00002f40   0x0000001c   Code   RO          213    .text               fifo.o
    0x00002f5c   0x00000224   Code   RO          225    .text               texas.o
    0x00003180   0x0000020c   Code   RO          241    .text               timer.o
    0x0000338c   0x00000006   Code   RO          262    .text               c_w.l(heapauxi.o)
    0x00003392   0x00000002   PAD
    0x00003394   0x00000024   Code   RO          269    .text               c_w.l(init_aeabi.o)
    0x000033b8   0x0000004a   Code   RO          335    .text               c_w.l(sys_stackheap_outer.o)
    0x00003402   0x0000000c   Code   RO          337    .text               c_w.l(exit.o)
    0x0000340e   0x00000002   PAD
    0x00003410   0x00000008   Code   RO          351    .text               c_w.l(libspace.o)
    0x00003418   0x00000002   Code   RO          362    .text               c_w.l(use_no_semi.o)
    0x0000341a   0x00000000   Code   RO          364    .text               c_w.l(indicate_semi.o)
    0x0000341a   0x00000002   PAD
    0x0000341c   0x0000000c   Code   RO          378    .text               c_w.l(sys_exit.o)
    0x00003428   0x00039820   Data   RO           13    .constdata          main.o
    0x0003cc48   0x00000842   Data   RO          135    .constdata          st7735.o
    0x0003d48a   0x00000020   Data   RO          173    .constdata          sound.o
    0x0003d4aa   0x00000002   PAD
    0x0003d4ac   0x00000020   Data   RO          422    Region$$Table       anon$$obj.o
    0x0003d4cc   0x00000004   Data   RO           15    .init_array         main.o
    0x0003d4d0   0x00000004   Data   RO          193    .init_array         uart.o


    Execution Region RW_IRAM1 (Base: 0x20000000, Size: 0x000009f8, Max: 0x00008000, ABSOLUTE, COMPRESSED[0x00000070])

    Base Addr    Size         Type   Attr      Idx    E Section Name        Object

    0x20000000   0x000000d8   Data   RW           14    .data               main.o
    0x200000d8   0x00000004   Data   RW          119    .data               random.o
    0x200000dc   0x0000002c   Data   RW          136    .data               st7735.o
    0x20000108   0x00000010   Data   RW          155    .data               slidepot.o
    0x20000118   0x00000004   Data   RW          174    .data               sound.o
    0x2000011c   0x00000010   Data   RW          243    .data               timer.o
    0x2000012c   0x00000038   Zero   RW           12    .bss                main.o
    0x20000164   0x0000000c   Zero   RW          134    .bss                st7735.o
    0x20000170   0x00000028   Zero   RW          192    .bss                uart.o
    0x20000198   0x00000060   Zero   RW          352    .bss                c_w.l(libspace.o)
    0x200001f8   0x00000400   Zero   RW            2    HEAP                startup_tm4c123.o
    0x200005f8   0x00000400   Zero   RW            1    STACK               startup_tm4c123.o


==============================================================================

Image component sizes


      Code (inc. data)   RO Data    RW Data    ZI Data      Debug   Object Name

       140         26          0          0          0        591   dac.o
        28          0          0          0          0       1128   fifo.o
      5332        662     235556        216         56      14703   main.o
       124          6          0          0          0        415   pll.o
        64         14          0          4          0        786   random.o
       764         70          0         16          0       3412   slidepot.o
       148         22         32          4          0       2317   sound.o
      4292        230       2114         44         12      16256   st7735.o
       296         22        620          0       2048       5548   startup_tm4c123.o
       548         86          0          0          0       1133   texas.o
       524         50          0         16          0       3132   timer.o
        92          4          4          0         40       2069   uart.o

    ----------------------------------------------------------------------
     12352       1192     238360        300       2156      51490   Object Totals
         0          0         32          0          0          0   (incl. Generated)
         0          0          2          0          0          0   (incl. Padding)

    ----------------------------------------------------------------------

      Code (inc. data)   RO Data    RW Data    ZI Data      Debug   Library Member Name

        90          0          0          0          0          0   __dczerorl2.o
         8          0          0          0          0         68   __main.o
        52          8          0          0          0          0   __scatter.o
        28          0          0          0          0          0   __scatter_zi.o
        12          0          0          0          0         72   exit.o
         6          0          0          0          0        152   heapauxi.o
         0          0          0          0          0          0   indicate_semi.o
        36         10          0          0          0         80   init_aeabi.o
         2          0          0          0          0          0   libinit.o
         6          0          0          0          0          0   libinit2.o
         2          0          0          0          0          0   libshutdown.o
         2          0          0          0          0          0   libshutdown2.o
         8          4          0          0         96         68   libspace.o
         0          0          0          0          0          0   rtentry.o
        12          0          0          0          0          0   rtentry2.o
         6          0          0          0          0          0   rtentry4.o
         2          0          0          0          0          0   rtexit.o
        10          0          0          0          0          0   rtexit2.o
        12          4          0          0          0         68   sys_exit.o
        74          0          0          0          0         80   sys_stackheap_outer.o
         2          0          0          0          0         68   use_no_semi.o

    ----------------------------------------------------------------------
       380         26          0          0         96        656   Library Totals
        10          0          0          0          0          0   (incl. Padding)

    ----------------------------------------------------------------------

      Code (inc. data)   RO Data    RW Data    ZI Data      Debug   Library Name

       370         26          0          0         96        656   c_w.l

    ----------------------------------------------------------------------
       380         26          0          0         96        656   Library Totals

    ----------------------------------------------------------------------

==============================================================================


      Code (inc. data)   RO Data    RW Data    ZI Data      Debug   

     12732       1218     238360        300       2252      50378   Grand Totals
     12732       1218     238360        112       2252      50378   ELF Image Totals (compressed)
     12732       1218     238360        112          0          0   ROM Totals

==============================================================================

    Total RO  Size (Code + RO Data)               251092 ( 245.21kB)
    Total RW  Size (RW Data + ZI Data)              2552 (   2.49kB)
    Total ROM Size (Code + RO Data + RW Data)     251204 ( 245.32kB)

==============================================================================

